// Jest Snapshot v1, https://goo.gl/fbAQLP

exports[`<StatusBadge /> should render 1`] = `
<div>
  <div
    class="badgeOnline"
  />
</div>
`;
