// Jest Snapshot v1, https://goo.gl/fbAQLP

exports[`<Modal /> should render 1`] = `
<div>
  <div
    class="darkBackground darkBackgroundClosed"
  />
</div>
`;
