// Jest Snapshot v1, https://goo.gl/fbAQLP

exports[`<Ranking /> should render 1`] = `
<div>
  <div
    class="container"
    style="background-image: url(undefined);"
  >
    <div
      class="tableHeader"
    >
      <div
        class="flexed1 alignedLeft"
      >
        <div>
          Pos
        </div>
      </div>
      <div
        class="flexed4 alignedLeft"
      >
        <div>
          Nome
        </div>
      </div>
      <div
        class="flexed1 alignedRight"
      >
        <div>
          Pts.
        </div>
      </div>
    </div>
    <div
      class="tableHeader"
    >
      <div
        class="flexed1 alignedLeft"
      >
        <div>
          01.
        </div>
      </div>
      <div
        class="flexed4 alignedLeft"
      >
        <div>
          Felipe Zanon Felipe Zanon Felipe Zanon
        </div>
      </div>
      <div
        class="flexed1 alignedRight"
      >
        <div>
          999
        </div>
      </div>
    </div>
    <div
      class="tableHeader"
    >
      <div
        class="flexed1 alignedLeft"
      >
        <div>
          01.
        </div>
      </div>
      <div
        class="flexed4 alignedLeft"
      >
        <div>
          Felipe Zanon Felipe Zanon Felipe Zanon
        </div>
      </div>
      <div
        class="flexed1 alignedRight"
      >
        <div>
          999
        </div>
      </div>
    </div>
    <div
      class="tableHeader"
    >
      <div
        class="flexed1 alignedLeft"
      >
        <div>
          01.
        </div>
      </div>
      <div
        class="flexed4 alignedLeft"
      >
        <div>
          Felipe Zanon Felipe Zanon Felipe Zanon
        </div>
      </div>
      <div
        class="flexed1 alignedRight"
      >
        <div>
          999
        </div>
      </div>
    </div>
    <div
      class="tableHeader"
    >
      <div
        class="flexed1 alignedLeft"
      >
        <div>
          01.
        </div>
      </div>
      <div
        class="flexed4 alignedLeft"
      >
        <div>
          Felipe Zanon Felipe Zanon Felipe Zanon
        </div>
      </div>
      <div
        class="flexed1 alignedRight"
      >
        <div>
          999
        </div>
      </div>
    </div>
    <div
      class="tableHeader"
    >
      <div
        class="flexed1 alignedLeft"
      >
        <div>
          01.
        </div>
      </div>
      <div
        class="flexed4 alignedLeft"
      >
        <div>
          Felipe Zanon Felipe Zanon Felipe Zanon
        </div>
      </div>
      <div
        class="flexed1 alignedRight"
      >
        <div>
          999
        </div>
      </div>
    </div>
    <div
      class="tableHeader"
    >
      <div
        class="flexed1 alignedLeft"
      >
        <div>
          01.
        </div>
      </div>
      <div
        class="flexed4 alignedLeft"
      >
        <div>
          Felipe Zanon Felipe Zanon Felipe Zanon
        </div>
      </div>
      <div
        class="flexed1 alignedRight"
      >
        <div>
          999
        </div>
      </div>
    </div>
  </div>
</div>
`;
