// Jest Snapshot v1, https://goo.gl/fbAQLP

exports[`<Backdrop /> should render 1`] = `
<div>
  <div
    class="container containerCenter"
  />
</div>
`;
