// Jest Snapshot v1, https://goo.gl/fbAQLP

exports[`TeamComponent should render 1`] = `
<div>
  <div
    class="containerLeft"
    style="color: rgb(25, 51, 117); background: rgb(255, 220, 2) url();"
  >
    <div
      class="logoContainer"
    >
      <img
        alt="Brasil logo"
        class="logo logoLeft logoSmall"
        src="https://assets.omegafox.me/img/countries_crests/bra.png"
      />
    </div>
    <div
      class="nameContainer"
      style="text-shadow: -1px 0 #FFDC02, 0 1px #FFDC02, 1px 0 #FFDC02, 0 -1px #FFDC02;"
    >
      Brasil
    </div>
    <div
      class="scoreContainer"
    >
      4
    </div>
  </div>
</div>
`;
