// Jest Snapshot v1, https://goo.gl/fbAQLP

exports[`NavbarComponent should render 1`] = `
<div>
  <div
    class="navContainer navContainerSticky navContainerCopa"
  >
    <nav
      class="container"
    >
      <img
        alt="Logo"
        class="logo"
        src="any"
      />
      <div
        class="buttonContainerLeft buttonContainerCopa"
      >
        <button
          class="navButton navButtonSelected"
        >
          Início
        </button>
        <button
          class="navButton"
        >
          Resultados
        </button>
        <button
          class="navButton"
        >
          Apostar
        </button>
        <button
          class="navButton"
        >
          Regras
        </button>
        <button
          class="navButton"
        >
          Prêmios
        </button>
        <button
          class="navButton"
        >
          Extras
        </button>
      </div>
    </nav>
  </div>
</div>
`;
