// Jest Snapshot v1, https://goo.gl/fbAQLP

exports[`<TextContainer /> should render 1`] = `
<div>
  <div
    class="container containerBottomLeft"
    style="background-image: url(undefined);"
  >
    <p>
      Texto
    </p>
  </div>
</div>
`;
