// Jest Snapshot v1, https://goo.gl/fbAQLP

exports[`<Selector /> should render 1`] = `
<div>
  <div
    class="container"
  >
    <div
      class="selectorItem selectorItemSmall"
    >
      text
    </div>
  </div>
</div>
`;
