// Jest Snapshot v1, https://goo.gl/fbAQLP

exports[`<Toast /> should render 1`] = `
<div>
  <div
    class="container red"
  >
    Click
    <div
      class="xButton"
    >
      x
    </div>
  </div>
</div>
`;
