// Jest Snapshot v1, https://goo.gl/fbAQLP

exports[`<NavbarButton /> should render 1`] = `
<div>
  <button
    class="navButton navButtonCopaEnabled navButtonCopaEnabledSelected"
  >
    In√≠cio
  </button>
</div>
`;
